// Jest Snapshot v1, https://goo.gl/fbAQLP

exports[`Should render the expense dashboard correctly 1`] = `
<div>
  This is from my dashboard component!
  <Connect(ExpenseList) />
</div>
`;
